Download the React DevTools for a better development experience: https://reactjs.org/link/react-devtools bundle.js:58740:17
"shadow*" style props are deprecated. Use "boxShadow". bundle.js:69362:13
"textShadow*" style props are deprecated. Use "textShadow". bundle.js:69362:13
props.pointerEvents is deprecated. Use style.pointerEvents bundle.js:69362:13
Getting accessible menu items for role: Customer bundle.js:1355:13
Checking access for role: Customer to screen: Home bundle.js:1331:13
Role Customer access to Home: GRANTED bundle.js:1349:13
Allowed screens for Customer: 
Array(3) [ "Home", "Menu", "Profile" ]
bundle.js:1350:13
Menu item Home (Home) - Access: YES bundle.js:1420:15
Checking access for role: Customer to screen: Menu bundle.js:1331:13
Role Customer access to Menu: GRANTED bundle.js:1349:13
Allowed screens for Customer: 
Array(3) [ "Home", "Menu", "Profile" ]
bundle.js:1350:13
Menu item Menu (Menu) - Access: YES bundle.js:1420:15
Checking access for role: Customer to screen: Orders bundle.js:1331:13
Role Customer access to Orders: DENIED bundle.js:1349:13
Allowed screens for Customer: 
Array(3) [ "Home", "Menu", "Profile" ]
bundle.js:1350:13
Menu item Orders (Orders) - Access: NO bundle.js:1420:15
Checking access for role: Customer to screen: OrderDetail bundle.js:1331:13
Role Customer access to OrderDetail: DENIED bundle.js:1349:13
Allowed screens for Customer: 
Array(3) [ "Home", "Menu", "Profile" ]
bundle.js:1350:13
Menu item OrderDetail (OrderDetail) - Access: NO bundle.js:1420:15
Checking access for role: Customer to screen: Table bundle.js:1331:13
Role Customer access to Table: DENIED bundle.js:1349:13
Allowed screens for Customer: 
Array(3) [ "Home", "Menu", "Profile" ]
bundle.js:1350:13
Menu item Table (Table) - Access: NO bundle.js:1420:15
Checking access for role: Customer to screen: BillManager bundle.js:1331:13
Role Customer access to BillManager: DENIED bundle.js:1349:13
Allowed screens for Customer: 
Array(3) [ "Home", "Menu", "Profile" ]
bundle.js:1350:13
Menu item BillManager (BillManager) - Access: NO bundle.js:1420:15
Checking access for role: Customer to screen: Report bundle.js:1331:13
Role Customer access to Report: DENIED bundle.js:1349:13
Allowed screens for Customer: 
Array(3) [ "Home", "Menu", "Profile" ]
bundle.js:1350:13
Menu item Report (Report) - Access: NO bundle.js:1420:15
Checking access for role: Customer to screen: Profile bundle.js:1331:13
Role Customer access to Profile: GRANTED bundle.js:1349:13
Allowed screens for Customer: 
Array(3) [ "Home", "Menu", "Profile" ]
bundle.js:1350:13
Menu item Profile (Profile) - Access: YES bundle.js:1420:15
Checking access for role: Customer to screen: MenuManager bundle.js:1331:13
Role Customer access to MenuManager: DENIED bundle.js:1349:13
Allowed screens for Customer: 
Array(3) [ "Home", "Menu", "Profile" ]
bundle.js:1350:13
Management item MenuManager (MenuManager) - Access: NO bundle.js:1425:15
Checking access for role: Customer to screen: IngredientManager bundle.js:1331:13
Role Customer access to IngredientManager: DENIED bundle.js:1349:13
Allowed screens for Customer: 
Array(3) [ "Home", "Menu", "Profile" ]
bundle.js:1350:13
Management item IngredientManager (IngredientManager) - Access: NO bundle.js:1425:15
Checking access for role: Customer to screen: OrderDetailManager bundle.js:1331:13
Role Customer access to OrderDetailManager: DENIED bundle.js:1349:13
Allowed screens for Customer: 
Array(3) [ "Home", "Menu", "Profile" ]
bundle.js:1350:13
Management item OrderDetailManager (OrderDetailManager) - Access: NO bundle.js:1425:15
Checking access for role: Customer to screen: UserManagement bundle.js:1331:13
Role Customer access to UserManagement: DENIED bundle.js:1349:13
Allowed screens for Customer: 
Array(3) [ "Home", "Menu", "Profile" ]
bundle.js:1350:13
Management item UserManagement (UserManagement) - Access: NO bundle.js:1425:15
Final accessible items - Main: 3, Management: 0 bundle.js:1428:13
CustomSidebarMenu - Current user role: Customer bundle.js:412:11
CustomSidebarMenu - Accessible main menu items: 3 bundle.js:413:11
CustomSidebarMenu - Accessible management menu items: 0 bundle.js:414:11
🔄 Fetching dashboard data... bundle.js:89326:17
Fetching all orders from API... bundle.js:106174:19
Animated: `useNativeDriver` is not supported because the native animated module is missing. Falling back to JS-based animation. To resolve this, add `RCTAnimation` module to this app, or remove `useNativeDriver`. Make sure to run `bundle exec pod install` first. Read more about autolinking: https://github.com/react-native-community/cli/blob/master/docs/autolinking.md bundle.js:70661:15
🚀 Making GET request to: /api/Order bundle.js:105969:11
✅ Auth token set in API headers bundle.js:107936:15
🔑 JWT token restored from storage bundle.js:1164:23
Getting accessible menu items for role: Customer bundle.js:1355:13
Checking access for role: Customer to screen: Home bundle.js:1331:13
Role Customer access to Home: GRANTED bundle.js:1349:13
Allowed screens for Customer: 
Array(3) [ "Home", "Menu", "Profile" ]
bundle.js:1350:13
Menu item Home (Home) - Access: YES bundle.js:1420:15
Checking access for role: Customer to screen: Menu bundle.js:1331:13
Role Customer access to Menu: GRANTED bundle.js:1349:13
Allowed screens for Customer: 
Array(3) [ "Home", "Menu", "Profile" ]
bundle.js:1350:13
Menu item Menu (Menu) - Access: YES bundle.js:1420:15
Checking access for role: Customer to screen: Orders bundle.js:1331:13
Role Customer access to Orders: DENIED bundle.js:1349:13
Allowed screens for Customer: 
Array(3) [ "Home", "Menu", "Profile" ]
bundle.js:1350:13
Menu item Orders (Orders) - Access: NO bundle.js:1420:15
Checking access for role: Customer to screen: OrderDetail bundle.js:1331:13
Role Customer access to OrderDetail: DENIED bundle.js:1349:13
Allowed screens for Customer: 
Array(3) [ "Home", "Menu", "Profile" ]
bundle.js:1350:13
Menu item OrderDetail (OrderDetail) - Access: NO bundle.js:1420:15
Checking access for role: Customer to screen: Table bundle.js:1331:13
Role Customer access to Table: DENIED bundle.js:1349:13
Allowed screens for Customer: 
Array(3) [ "Home", "Menu", "Profile" ]
bundle.js:1350:13
Menu item Table (Table) - Access: NO bundle.js:1420:15
Checking access for role: Customer to screen: BillManager bundle.js:1331:13
Role Customer access to BillManager: DENIED bundle.js:1349:13
Allowed screens for Customer: 
Array(3) [ "Home", "Menu", "Profile" ]
bundle.js:1350:13
Menu item BillManager (BillManager) - Access: NO bundle.js:1420:15
Checking access for role: Customer to screen: Report bundle.js:1331:13
Role Customer access to Report: DENIED bundle.js:1349:13
Allowed screens for Customer: 
Array(3) [ "Home", "Menu", "Profile" ]
bundle.js:1350:13
Menu item Report (Report) - Access: NO bundle.js:1420:15
Checking access for role: Customer to screen: Profile bundle.js:1331:13
Role Customer access to Profile: GRANTED bundle.js:1349:13
Allowed screens for Customer: 
Array(3) [ "Home", "Menu", "Profile" ]
bundle.js:1350:13
Menu item Profile (Profile) - Access: YES bundle.js:1420:15
Checking access for role: Customer to screen: MenuManager bundle.js:1331:13
Role Customer access to MenuManager: DENIED bundle.js:1349:13
Allowed screens for Customer: 
Array(3) [ "Home", "Menu", "Profile" ]
bundle.js:1350:13
Management item MenuManager (MenuManager) - Access: NO bundle.js:1425:15
Checking access for role: Customer to screen: IngredientManager bundle.js:1331:13
Role Customer access to IngredientManager: DENIED bundle.js:1349:13
Allowed screens for Customer: 
Array(3) [ "Home", "Menu", "Profile" ]
bundle.js:1350:13
Management item IngredientManager (IngredientManager) - Access: NO bundle.js:1425:15
Checking access for role: Customer to screen: OrderDetailManager bundle.js:1331:13
Role Customer access to OrderDetailManager: DENIED bundle.js:1349:13
Allowed screens for Customer: 
Array(3) [ "Home", "Menu", "Profile" ]
bundle.js:1350:13
Management item OrderDetailManager (OrderDetailManager) - Access: NO bundle.js:1425:15
Checking access for role: Customer to screen: UserManagement bundle.js:1331:13
Role Customer access to UserManagement: DENIED bundle.js:1349:13
Allowed screens for Customer: 
Array(3) [ "Home", "Menu", "Profile" ]
bundle.js:1350:13
Management item UserManagement (UserManagement) - Access: NO bundle.js:1425:15
Final accessible items - Main: 3, Management: 0 bundle.js:1428:13
CustomSidebarMenu - Current user role: Customer bundle.js:412:11
CustomSidebarMenu - Accessible main menu items: 3 bundle.js:413:11
CustomSidebarMenu - Accessible management menu items: 0 bundle.js:414:11
Getting accessible menu items for role: Customer bundle.js:1355:13
Checking access for role: Customer to screen: Home bundle.js:1331:13
Role Customer access to Home: GRANTED bundle.js:1349:13
Allowed screens for Customer: 
Array(3) [ "Home", "Menu", "Profile" ]
bundle.js:1350:13
Menu item Home (Home) - Access: YES bundle.js:1420:15
Checking access for role: Customer to screen: Menu bundle.js:1331:13
Role Customer access to Menu: GRANTED bundle.js:1349:13
Allowed screens for Customer: 
Array(3) [ "Home", "Menu", "Profile" ]
bundle.js:1350:13
Menu item Menu (Menu) - Access: YES bundle.js:1420:15
Checking access for role: Customer to screen: Orders bundle.js:1331:13
Role Customer access to Orders: DENIED bundle.js:1349:13
Allowed screens for Customer: 
Array(3) [ "Home", "Menu", "Profile" ]
bundle.js:1350:13
Menu item Orders (Orders) - Access: NO bundle.js:1420:15
Checking access for role: Customer to screen: OrderDetail bundle.js:1331:13
Role Customer access to OrderDetail: DENIED bundle.js:1349:13
Allowed screens for Customer: 
Array(3) [ "Home", "Menu", "Profile" ]
bundle.js:1350:13
Menu item OrderDetail (OrderDetail) - Access: NO bundle.js:1420:15
Checking access for role: Customer to screen: Table bundle.js:1331:13
Role Customer access to Table: DENIED bundle.js:1349:13
Allowed screens for Customer: 
Array(3) [ "Home", "Menu", "Profile" ]
bundle.js:1350:13
Menu item Table (Table) - Access: NO bundle.js:1420:15
Checking access for role: Customer to screen: BillManager bundle.js:1331:13
Role Customer access to BillManager: DENIED bundle.js:1349:13
Allowed screens for Customer: 
Array(3) [ "Home", "Menu", "Profile" ]
bundle.js:1350:13
Menu item BillManager (BillManager) - Access: NO bundle.js:1420:15
Checking access for role: Customer to screen: Report bundle.js:1331:13
Role Customer access to Report: DENIED bundle.js:1349:13
Allowed screens for Customer: 
Array(3) [ "Home", "Menu", "Profile" ]
bundle.js:1350:13
Menu item Report (Report) - Access: NO bundle.js:1420:15
Checking access for role: Customer to screen: Profile bundle.js:1331:13
Role Customer access to Profile: GRANTED bundle.js:1349:13
Allowed screens for Customer: 
Array(3) [ "Home", "Menu", "Profile" ]
bundle.js:1350:13
Menu item Profile (Profile) - Access: YES bundle.js:1420:15
Checking access for role: Customer to screen: MenuManager bundle.js:1331:13
Role Customer access to MenuManager: DENIED bundle.js:1349:13
Allowed screens for Customer: 
Array(3) [ "Home", "Menu", "Profile" ]
bundle.js:1350:13
Management item MenuManager (MenuManager) - Access: NO bundle.js:1425:15
Checking access for role: Customer to screen: IngredientManager bundle.js:1331:13
Role Customer access to IngredientManager: DENIED bundle.js:1349:13
Allowed screens for Customer: 
Array(3) [ "Home", "Menu", "Profile" ]
bundle.js:1350:13
Management item IngredientManager (IngredientManager) - Access: NO bundle.js:1425:15
Checking access for role: Customer to screen: OrderDetailManager bundle.js:1331:13
Role Customer access to OrderDetailManager: DENIED bundle.js:1349:13
Allowed screens for Customer: 
Array(3) [ "Home", "Menu", "Profile" ]
bundle.js:1350:13
Management item OrderDetailManager (OrderDetailManager) - Access: NO bundle.js:1425:15
Checking access for role: Customer to screen: UserManagement bundle.js:1331:13
Role Customer access to UserManagement: DENIED bundle.js:1349:13
Allowed screens for Customer: 
Array(3) [ "Home", "Menu", "Profile" ]
bundle.js:1350:13
Management item UserManagement (UserManagement) - Access: NO bundle.js:1425:15
Final accessible items - Main: 3, Management: 0 bundle.js:1428:13
CustomSidebarMenu - Current user role: Customer bundle.js:412:11
CustomSidebarMenu - Accessible main menu items: 3 bundle.js:413:11
CustomSidebarMenu - Accessible management menu items: 0 bundle.js:414:11
TouchableWithoutFeedback is deprecated. Please use Pressable. bundle.js:69362:13
Getting accessible menu items for role: Customer bundle.js:1355:13
Checking access for role: Customer to screen: Home bundle.js:1331:13
Role Customer access to Home: GRANTED bundle.js:1349:13
Allowed screens for Customer: 
Array(3) [ "Home", "Menu", "Profile" ]
bundle.js:1350:13
Menu item Home (Home) - Access: YES bundle.js:1420:15
Checking access for role: Customer to screen: Menu bundle.js:1331:13
Role Customer access to Menu: GRANTED bundle.js:1349:13
Allowed screens for Customer: 
Array(3) [ "Home", "Menu", "Profile" ]
bundle.js:1350:13
Menu item Menu (Menu) - Access: YES bundle.js:1420:15
Checking access for role: Customer to screen: Orders bundle.js:1331:13
Role Customer access to Orders: DENIED bundle.js:1349:13
Allowed screens for Customer: 
Array(3) [ "Home", "Menu", "Profile" ]
bundle.js:1350:13
Menu item Orders (Orders) - Access: NO bundle.js:1420:15
Checking access for role: Customer to screen: OrderDetail bundle.js:1331:13
Role Customer access to OrderDetail: DENIED bundle.js:1349:13
Allowed screens for Customer: 
Array(3) [ "Home", "Menu", "Profile" ]
bundle.js:1350:13
Menu item OrderDetail (OrderDetail) - Access: NO bundle.js:1420:15
Checking access for role: Customer to screen: Table bundle.js:1331:13
Role Customer access to Table: DENIED bundle.js:1349:13
Allowed screens for Customer: 
Array(3) [ "Home", "Menu", "Profile" ]
bundle.js:1350:13
Menu item Table (Table) - Access: NO bundle.js:1420:15
Checking access for role: Customer to screen: BillManager bundle.js:1331:13
Role Customer access to BillManager: DENIED bundle.js:1349:13
Allowed screens for Customer: 
Array(3) [ "Home", "Menu", "Profile" ]
bundle.js:1350:13
Menu item BillManager (BillManager) - Access: NO bundle.js:1420:15
Checking access for role: Customer to screen: Report bundle.js:1331:13
Role Customer access to Report: DENIED bundle.js:1349:13
Allowed screens for Customer: 
Array(3) [ "Home", "Menu", "Profile" ]
bundle.js:1350:13
Menu item Report (Report) - Access: NO bundle.js:1420:15
Checking access for role: Customer to screen: Profile bundle.js:1331:13
Role Customer access to Profile: GRANTED bundle.js:1349:13
Allowed screens for Customer: 
Array(3) [ "Home", "Menu", "Profile" ]
bundle.js:1350:13
Menu item Profile (Profile) - Access: YES bundle.js:1420:15
Checking access for role: Customer to screen: MenuManager bundle.js:1331:13
Role Customer access to MenuManager: DENIED bundle.js:1349:13
Allowed screens for Customer: 
Array(3) [ "Home", "Menu", "Profile" ]
bundle.js:1350:13
Management item MenuManager (MenuManager) - Access: NO bundle.js:1425:15
Checking access for role: Customer to screen: IngredientManager bundle.js:1331:13
Role Customer access to IngredientManager: DENIED bundle.js:1349:13
Allowed screens for Customer: 
Array(3) [ "Home", "Menu", "Profile" ]
bundle.js:1350:13
Management item IngredientManager (IngredientManager) - Access: NO bundle.js:1425:15
Checking access for role: Customer to screen: OrderDetailManager bundle.js:1331:13
Role Customer access to OrderDetailManager: DENIED bundle.js:1349:13
Allowed screens for Customer: 
Array(3) [ "Home", "Menu", "Profile" ]
bundle.js:1350:13
Management item OrderDetailManager (OrderDetailManager) - Access: NO bundle.js:1425:15
Checking access for role: Customer to screen: UserManagement bundle.js:1331:13
Role Customer access to UserManagement: DENIED bundle.js:1349:13
Allowed screens for Customer: 
Array(3) [ "Home", "Menu", "Profile" ]
bundle.js:1350:13
Management item UserManagement (UserManagement) - Access: NO bundle.js:1425:15
Final accessible items - Main: 3, Management: 0 bundle.js:1428:13
CustomSidebarMenu - Current user role: Customer bundle.js:412:11
CustomSidebarMenu - Accessible main menu items: 3 bundle.js:413:11
CustomSidebarMenu - Accessible management menu items: 0 bundle.js:414:11
Checking access for role: Customer to screen: Menu bundle.js:1331:13
Role Customer access to Menu: GRANTED bundle.js:1349:13
Allowed screens for Customer: 
Array(3) [ "Home", "Menu", "Profile" ]
bundle.js:1350:13
MenuScreen - Current user role: Customer Is Customer: true bundle.js:94022:11
=== STARTING CONNECTION TESTS === bundle.js:94140:17
Testing with axios... bundle.js:94141:17
Testing API connection to: http://localhost:8080 bundle.js:106295:17
Full URL being tested: http://localhost:8080api/Category bundle.js:106296:17
Fetching user favorites for userId: 3292731962 bundle.js:94310:15
Fetching user favorites... bundle.js:107737:17
Checking access for role: Customer to screen: Menu bundle.js:1331:13
Role Customer access to Menu: GRANTED bundle.js:1349:13
Allowed screens for Customer: 
Array(3) [ "Home", "Menu", "Profile" ]
bundle.js:1350:13
🚀 Making GET request to: /api/Category bundle.js:105969:11
🚀 Making GET request to: /api/Favorites bundle.js:105969:11
Cross-Origin Request Blocked: The Same Origin Policy disallows reading the remote resource at http://localhost:8080/api/Order. (Reason: CORS request did not succeed). Status code: (null). 2
🌐 Network/CORS Error - This might be a CORS issue bundle.js:105981:13
Error details: 
Object { message: "Network Error", code: "ERR_NETWORK", config: {…} }
bundle.js:105982:13
Error fetching all orders: 
Object { message: "Network Error", name: "AxiosError", code: "ERR_NETWORK", config: {…}, request: XMLHttpRequest, event: error, stack: "", … }
bundle.js:106182:19
❌ Error fetching dashboard data: 
Object { message: "Network Error", name: "AxiosError", code: "ERR_NETWORK", config: {…}, request: XMLHttpRequest, event: error, stack: "", … }
bundle.js:89386:17
Cross-Origin Request Blocked: The Same Origin Policy disallows reading the remote resource at http://localhost:8080/api/Category. (Reason: CORS request did not succeed). Status code: (null).
Cross-Origin Request Blocked: The Same Origin Policy disallows reading the remote resource at http://localhost:8080/api/Favorites. (Reason: CORS request did not succeed). Status code: (null).
Cross-Origin Request Blocked: The Same Origin Policy disallows reading the remote resource at http://localhost:8080/api/Category. (Reason: CORS request did not succeed). Status code: (null).
🌐 Network/CORS Error - This might be a CORS issue bundle.js:105981:13
Error details: 
Object { message: "Network Error", code: "ERR_NETWORK", config: {…} }
bundle.js:105982:13
Connection test failed - Full error: 
Object { message: "Network Error", name: "AxiosError", code: "ERR_NETWORK", config: {…}, request: XMLHttpRequest, event: error, stack: "", … }
bundle.js:106304:17
Error message: Network Error bundle.js:106305:17
Error code: ERR_NETWORK bundle.js:106306:17
Error status: undefined bundle.js:106307:17
Error response: undefined bundle.js:106308:17
This is a network connectivity issue bundle.js:106310:19
Axios test result: false bundle.js:94143:17
Testing with fetch... bundle.js:94144:17
Testing with native fetch API... bundle.js:106241:17
Fetch URL: http://localhost:8080api/Category bundle.js:106243:17
Fetch test failed: TypeError: Window.fetch: http://localhost:8080api/Category is not a valid URL.
    _testWithFetch apiService.js:426
    Babel 2
    node_modules bundle.js:1717
    node_modules bundle.js:1709
    testWithFetch apiService.js:420
    _ref2 MenuScreen.js:133
    Babel 4
    node_modules bundle.js:1717
    node_modules bundle.js:1709
    fetchCategories MenuScreen.js:119
    MenuScreen MenuScreen.js:74
    React 18
    Webpack 25
bundle.js:106274:17
Fetch test result: 
Object { success: false, error: "CORS or Network Error: Unable to connect to server" }
bundle.js:94146:17
Error in fetchCategories: Error: Cannot connect to server with either method
    _ref2 MenuScreen.js:168
    Babel 6
    node_modules bundle.js:1717
    node_modules bundle.js:1709
    fetchCategories MenuScreen.js:119
    MenuScreen MenuScreen.js:74
    React 18
    Webpack 25
bundle.js:94205:17
Cross-Origin Request Blocked: The Same Origin Policy disallows reading the remote resource at http://localhost:8080/api/Favorites. (Reason: CORS request did not succeed). Status code: (null).
🌐 Network/CORS Error - This might be a CORS issue bundle.js:105981:13
Error details: 
Object { message: "Network Error", code: "ERR_NETWORK", config: {…} }
bundle.js:105982:13
Error fetching favorites: 
Object { message: "Network Error", name: "AxiosError", code: "ERR_NETWORK", config: {…}, request: XMLHttpRequest, event: error, stack: "", … }
bundle.js:107742:17
Error fetching user favorites: 
Object { message: "Network Error", name: "AxiosError", code: "ERR_NETWORK", config: {…}, request: XMLHttpRequest, event: error, stack: "", … }
bundle.js:94321:15
MenuScreen - Current user role: Customer Is Customer: true bundle.js:94022:11
