MenuScreen - Current user role: Customer Is Customer: true 4 bundle.js:96505:11
MenuScreen - Current user role: Customer Is Customer: true 2 bundle.js:96505:11
Download the React DevTools for a better development experience: https://reactjs.org/link/react-devtools bundle.js:59096:17
"shadow*" style props are deprecated. Use "boxShadow". bundle.js:69718:13
"textShadow*" style props are deprecated. Use "textShadow". bundle.js:69718:13
props.pointerEvents is deprecated. Use style.pointerEvents bundle.js:69718:13
Getting accessible menu items for role: Customer bundle.js:1490:13
Checking access for role: Customer to screen: Home bundle.js:1466:13
Role Customer access to Home: GRANTED bundle.js:1484:13
Allowed screens for Customer: 
Array(5) [ "Home", "Menu", "Favorites", "Cart", "Profile" ]
bundle.js:1485:13
Menu item Home (Home) - Access: YES bundle.js:1565:15
Checking access for role: Customer to screen: Menu bundle.js:1466:13
Role Customer access to Menu: GRANTED bundle.js:1484:13
Allowed screens for Customer: 
Array(5) [ "Home", "Menu", "Favorites", "Cart", "Profile" ]
bundle.js:1485:13
Menu item Menu (Menu) - Access: YES bundle.js:1565:15
Checking access for role: Customer to screen: Orders bundle.js:1466:13
Role Customer access to Orders: DENIED bundle.js:1484:13
Allowed screens for Customer: 
Array(5) [ "Home", "Menu", "Favorites", "Cart", "Profile" ]
bundle.js:1485:13
Menu item Orders (Orders) - Access: NO bundle.js:1565:15
Checking access for role: Customer to screen: Favorites bundle.js:1466:13
Role Customer access to Favorites: GRANTED bundle.js:1484:13
Allowed screens for Customer: 
Array(5) [ "Home", "Menu", "Favorites", "Cart", "Profile" ]
bundle.js:1485:13
Menu item Favorites (Favorites) - Access: YES bundle.js:1565:15
Checking access for role: Customer to screen: OrderDetail bundle.js:1466:13
Role Customer access to OrderDetail: DENIED bundle.js:1484:13
Allowed screens for Customer: 
Array(5) [ "Home", "Menu", "Favorites", "Cart", "Profile" ]
bundle.js:1485:13
Menu item OrderDetail (OrderDetail) - Access: NO bundle.js:1565:15
Checking access for role: Customer to screen: Table bundle.js:1466:13
Role Customer access to Table: DENIED bundle.js:1484:13
Allowed screens for Customer: 
Array(5) [ "Home", "Menu", "Favorites", "Cart", "Profile" ]
bundle.js:1485:13
Menu item Table (Table) - Access: NO bundle.js:1565:15
Checking access for role: Customer to screen: Bill bundle.js:1466:13
Role Customer access to Bill: DENIED bundle.js:1484:13
Allowed screens for Customer: 
Array(5) [ "Home", "Menu", "Favorites", "Cart", "Profile" ]
bundle.js:1485:13
Menu item Bill (Bill) - Access: NO bundle.js:1565:15
Checking access for role: Customer to screen: BillManager bundle.js:1466:13
Role Customer access to BillManager: DENIED bundle.js:1484:13
Allowed screens for Customer: 
Array(5) [ "Home", "Menu", "Favorites", "Cart", "Profile" ]
bundle.js:1485:13
Menu item BillManager (BillManager) - Access: NO bundle.js:1565:15
Checking access for role: Customer to screen: Report bundle.js:1466:13
Role Customer access to Report: DENIED bundle.js:1484:13
Allowed screens for Customer: 
Array(5) [ "Home", "Menu", "Favorites", "Cart", "Profile" ]
bundle.js:1485:13
Menu item Report (Report) - Access: NO bundle.js:1565:15
Checking access for role: Customer to screen: Profile bundle.js:1466:13
Role Customer access to Profile: GRANTED bundle.js:1484:13
Allowed screens for Customer: 
Array(5) [ "Home", "Menu", "Favorites", "Cart", "Profile" ]
bundle.js:1485:13
Menu item Profile (Profile) - Access: YES bundle.js:1565:15
Checking access for role: Customer to screen: MenuManager bundle.js:1466:13
Role Customer access to MenuManager: DENIED bundle.js:1484:13
Allowed screens for Customer: 
Array(5) [ "Home", "Menu", "Favorites", "Cart", "Profile" ]
bundle.js:1485:13
Management item MenuManager (MenuManager) - Access: NO bundle.js:1570:15
Checking access for role: Customer to screen: IngredientManager bundle.js:1466:13
Role Customer access to IngredientManager: DENIED bundle.js:1484:13
Allowed screens for Customer: 
Array(5) [ "Home", "Menu", "Favorites", "Cart", "Profile" ]
bundle.js:1485:13
Management item IngredientManager (IngredientManager) - Access: NO bundle.js:1570:15
Checking access for role: Customer to screen: OrderDetailManager bundle.js:1466:13
Role Customer access to OrderDetailManager: DENIED bundle.js:1484:13
Allowed screens for Customer: 
Array(5) [ "Home", "Menu", "Favorites", "Cart", "Profile" ]
bundle.js:1485:13
Management item OrderDetailManager (OrderDetailManager) - Access: NO bundle.js:1570:15
Checking access for role: Customer to screen: UserManagement bundle.js:1466:13
Role Customer access to UserManagement: DENIED bundle.js:1484:13
Allowed screens for Customer: 
Array(5) [ "Home", "Menu", "Favorites", "Cart", "Profile" ]
bundle.js:1485:13
Management item UserManagement (UserManagement) - Access: NO bundle.js:1570:15
Final accessible items - Main: 4, Management: 0 bundle.js:1573:13
CustomSidebarMenu - Current user role: Customer bundle.js:495:11
CustomSidebarMenu - Accessible main menu items: 4 bundle.js:496:11
CustomSidebarMenu - Accessible management menu items: 0 bundle.js:497:11
🔄 Fetching dashboard data... bundle.js:91797:17
Fetching all orders from API... bundle.js:108984:17
Animated: `useNativeDriver` is not supported because the native animated module is missing. Falling back to JS-based animation. To resolve this, add `RCTAnimation` module to this app, or remove `useNativeDriver`. Make sure to run `bundle exec pod install` first. Read more about autolinking: https://github.com/react-native-community/cli/blob/master/docs/autolinking.md bundle.js:71017:15
🚀 Making GET request to: /api/Order bundle.js:108453:11
✅ Auth token set in API headers bundle.js:110414:15
🔑 JWT token restored from storage bundle.js:1299:23
Getting accessible menu items for role: Customer bundle.js:1490:13
Checking access for role: Customer to screen: Home bundle.js:1466:13
Role Customer access to Home: GRANTED bundle.js:1484:13
Allowed screens for Customer: 
Array(5) [ "Home", "Menu", "Favorites", "Cart", "Profile" ]
bundle.js:1485:13
Menu item Home (Home) - Access: YES bundle.js:1565:15
Checking access for role: Customer to screen: Menu bundle.js:1466:13
Role Customer access to Menu: GRANTED bundle.js:1484:13
Allowed screens for Customer: 
Array(5) [ "Home", "Menu", "Favorites", "Cart", "Profile" ]
bundle.js:1485:13
Menu item Menu (Menu) - Access: YES bundle.js:1565:15
Checking access for role: Customer to screen: Orders bundle.js:1466:13
Role Customer access to Orders: DENIED bundle.js:1484:13
Allowed screens for Customer: 
Array(5) [ "Home", "Menu", "Favorites", "Cart", "Profile" ]
bundle.js:1485:13
Menu item Orders (Orders) - Access: NO bundle.js:1565:15
Checking access for role: Customer to screen: Favorites bundle.js:1466:13
Role Customer access to Favorites: GRANTED bundle.js:1484:13
Allowed screens for Customer: 
Array(5) [ "Home", "Menu", "Favorites", "Cart", "Profile" ]
bundle.js:1485:13
Menu item Favorites (Favorites) - Access: YES bundle.js:1565:15
Checking access for role: Customer to screen: OrderDetail bundle.js:1466:13
Role Customer access to OrderDetail: DENIED bundle.js:1484:13
Allowed screens for Customer: 
Array(5) [ "Home", "Menu", "Favorites", "Cart", "Profile" ]
bundle.js:1485:13
Menu item OrderDetail (OrderDetail) - Access: NO bundle.js:1565:15
Checking access for role: Customer to screen: Table bundle.js:1466:13
Role Customer access to Table: DENIED bundle.js:1484:13
Allowed screens for Customer: 
Array(5) [ "Home", "Menu", "Favorites", "Cart", "Profile" ]
bundle.js:1485:13
Menu item Table (Table) - Access: NO bundle.js:1565:15
Checking access for role: Customer to screen: Bill bundle.js:1466:13
Role Customer access to Bill: DENIED bundle.js:1484:13
Allowed screens for Customer: 
Array(5) [ "Home", "Menu", "Favorites", "Cart", "Profile" ]
bundle.js:1485:13
Menu item Bill (Bill) - Access: NO bundle.js:1565:15
Checking access for role: Customer to screen: BillManager bundle.js:1466:13
Role Customer access to BillManager: DENIED bundle.js:1484:13
Allowed screens for Customer: 
Array(5) [ "Home", "Menu", "Favorites", "Cart", "Profile" ]
bundle.js:1485:13
Menu item BillManager (BillManager) - Access: NO bundle.js:1565:15
Checking access for role: Customer to screen: Report bundle.js:1466:13
Role Customer access to Report: DENIED bundle.js:1484:13
Allowed screens for Customer: 
Array(5) [ "Home", "Menu", "Favorites", "Cart", "Profile" ]
bundle.js:1485:13
Menu item Report (Report) - Access: NO bundle.js:1565:15
Checking access for role: Customer to screen: Profile bundle.js:1466:13
Role Customer access to Profile: GRANTED bundle.js:1484:13
Allowed screens for Customer: 
Array(5) [ "Home", "Menu", "Favorites", "Cart", "Profile" ]
bundle.js:1485:13
Menu item Profile (Profile) - Access: YES bundle.js:1565:15
Checking access for role: Customer to screen: MenuManager bundle.js:1466:13
Role Customer access to MenuManager: DENIED bundle.js:1484:13
Allowed screens for Customer: 
Array(5) [ "Home", "Menu", "Favorites", "Cart", "Profile" ]
bundle.js:1485:13
Management item MenuManager (MenuManager) - Access: NO bundle.js:1570:15
Checking access for role: Customer to screen: IngredientManager bundle.js:1466:13
Role Customer access to IngredientManager: DENIED bundle.js:1484:13
Allowed screens for Customer: 
Array(5) [ "Home", "Menu", "Favorites", "Cart", "Profile" ]
bundle.js:1485:13
Management item IngredientManager (IngredientManager) - Access: NO bundle.js:1570:15
Checking access for role: Customer to screen: OrderDetailManager bundle.js:1466:13
Role Customer access to OrderDetailManager: DENIED bundle.js:1484:13
Allowed screens for Customer: 
Array(5) [ "Home", "Menu", "Favorites", "Cart", "Profile" ]
bundle.js:1485:13
Management item OrderDetailManager (OrderDetailManager) - Access: NO bundle.js:1570:15
Checking access for role: Customer to screen: UserManagement bundle.js:1466:13
Role Customer access to UserManagement: DENIED bundle.js:1484:13
Allowed screens for Customer: 
Array(5) [ "Home", "Menu", "Favorites", "Cart", "Profile" ]
bundle.js:1485:13
Management item UserManagement (UserManagement) - Access: NO bundle.js:1570:15
Final accessible items - Main: 4, Management: 0 bundle.js:1573:13
CustomSidebarMenu - Current user role: Customer bundle.js:495:11
CustomSidebarMenu - Accessible main menu items: 4 bundle.js:496:11
CustomSidebarMenu - Accessible management menu items: 0 bundle.js:497:11
✅ Response received: 200 OK bundle.js:108460:11
Raw orders response: 
Array(81) [ {…}, {…}, {…}, {…}, {…}, {…}, {…}, {…}, {…}, {…}, … ]
bundle.js:108986:17
extractApiData - Input data: 
Array(81) [ {…}, {…}, {…}, {…}, {…}, {…}, {…}, {…}, {…}, {…}, … ]
bundle.js:108620:11
Found direct array with length: 81 bundle.js:108622:13
normalizeKeyName: status -> status 247 bundle.js:108500:13
extractApiData - Processed items: 81 bundle.js:108638:13
extractApiData - Sample processed item: 
Object { id: "HD12D62804", tableId: "2", userId: "4", orderDate: "2025-07-05T18:42:05.943", status: "Đã tạo bill", total: 882005, discount: 0, orderDetails: (1) […] }
bundle.js:108639:13
Extracted orders data: 
Array(81) [ {…}, {…}, {…}, {…}, {…}, {…}, {…}, {…}, {…}, {…}, … ]
bundle.js:108988:17
Fetching all bills from API... bundle.js:109616:17
🚀 Making GET request to: /api/Bill bundle.js:108453:11
✅ Response received: 200 OK bundle.js:108460:11
Raw bills response: 
Array(49) [ {…}, {…}, {…}, {…}, {…}, {…}, {…}, {…}, {…}, {…}, … ]
bundle.js:109618:17
extractApiData - Input data: 
Array(49) [ {…}, {…}, {…}, {…}, {…}, {…}, {…}, {…}, {…}, {…}, … ]
bundle.js:108620:11
Found direct array with length: 49 bundle.js:108622:13
extractApiData - Processed items: 49 bundle.js:108638:13
extractApiData - Sample processed item: 
Object { billId: "486yrdza31", orderId: "ORD8419448", userId: "4", userName: "VAnh", total: 40000, discount: 0, totalFinal: 40000, payment: "Chưa thanh toán", createdTime: "2025-10-27T15:57:31.35" }
bundle.js:108639:13
Extracted bills data: 
Array(49) [ {…}, {…}, {…}, {…}, {…}, {…}, {…}, {…}, {…}, {…}, … ]
bundle.js:109620:17
Fetching all users from API... bundle.js:109493:17
🚀 Making GET request to: /api/User bundle.js:108453:11
✅ Response received: 200 OK bundle.js:108460:11
Raw users response: 
Array(5) [ {…}, {…}, {…}, {…}, {…} ]
bundle.js:109495:17
extractApiData - Input data: 
Array(5) [ {…}, {…}, {…}, {…}, {…} ]
bundle.js:108620:11
Found direct array with length: 5 bundle.js:108622:13
extractApiData - Processed items: 5 bundle.js:108638:13
extractApiData - Sample processed item: 
Object { userId: "1", userName: "abc", password: "abc1234", role: "NV", fullName: "Duong", phone: 12345, email: "duongcho@gmail.com", bills: [], orders: [] }
bundle.js:108639:13
Extracted users data: 
Array(5) [ {…}, {…}, {…}, {…}, {…} ]
bundle.js:109497:17
✅ Dashboard data loaded successfully bundle.js:91853:17
📊 Stats: 
Object { todayRevenue: 0, totalOrders: 0, totalCustomers: 0 }
bundle.js:91854:17
Getting accessible menu items for role: Customer bundle.js:1490:13
Checking access for role: Customer to screen: Home bundle.js:1466:13
Role Customer access to Home: GRANTED bundle.js:1484:13
Allowed screens for Customer: 
Array(5) [ "Home", "Menu", "Favorites", "Cart", "Profile" ]
bundle.js:1485:13
Menu item Home (Home) - Access: YES bundle.js:1565:15
Checking access for role: Customer to screen: Menu bundle.js:1466:13
Role Customer access to Menu: GRANTED bundle.js:1484:13
Allowed screens for Customer: 
Array(5) [ "Home", "Menu", "Favorites", "Cart", "Profile" ]
bundle.js:1485:13
Menu item Menu (Menu) - Access: YES bundle.js:1565:15
Checking access for role: Customer to screen: Orders bundle.js:1466:13
Role Customer access to Orders: DENIED bundle.js:1484:13
Allowed screens for Customer: 
Array(5) [ "Home", "Menu", "Favorites", "Cart", "Profile" ]
bundle.js:1485:13
Menu item Orders (Orders) - Access: NO bundle.js:1565:15
Checking access for role: Customer to screen: Favorites bundle.js:1466:13
Role Customer access to Favorites: GRANTED bundle.js:1484:13
Allowed screens for Customer: 
Array(5) [ "Home", "Menu", "Favorites", "Cart", "Profile" ]
bundle.js:1485:13
Menu item Favorites (Favorites) - Access: YES bundle.js:1565:15
Checking access for role: Customer to screen: OrderDetail bundle.js:1466:13
Role Customer access to OrderDetail: DENIED bundle.js:1484:13
Allowed screens for Customer: 
Array(5) [ "Home", "Menu", "Favorites", "Cart", "Profile" ]
bundle.js:1485:13
Menu item OrderDetail (OrderDetail) - Access: NO bundle.js:1565:15
Checking access for role: Customer to screen: Table bundle.js:1466:13
Role Customer access to Table: DENIED bundle.js:1484:13
Allowed screens for Customer: 
Array(5) [ "Home", "Menu", "Favorites", "Cart", "Profile" ]
bundle.js:1485:13
Menu item Table (Table) - Access: NO bundle.js:1565:15
Checking access for role: Customer to screen: Bill bundle.js:1466:13
Role Customer access to Bill: DENIED bundle.js:1484:13
Allowed screens for Customer: 
Array(5) [ "Home", "Menu", "Favorites", "Cart", "Profile" ]
bundle.js:1485:13
Menu item Bill (Bill) - Access: NO bundle.js:1565:15
Checking access for role: Customer to screen: BillManager bundle.js:1466:13
Role Customer access to BillManager: DENIED bundle.js:1484:13
Allowed screens for Customer: 
Array(5) [ "Home", "Menu", "Favorites", "Cart", "Profile" ]
bundle.js:1485:13
Menu item BillManager (BillManager) - Access: NO bundle.js:1565:15
Checking access for role: Customer to screen: Report bundle.js:1466:13
Role Customer access to Report: DENIED bundle.js:1484:13
Allowed screens for Customer: 
Array(5) [ "Home", "Menu", "Favorites", "Cart", "Profile" ]
bundle.js:1485:13
Menu item Report (Report) - Access: NO bundle.js:1565:15
Checking access for role: Customer to screen: Profile bundle.js:1466:13
Role Customer access to Profile: GRANTED bundle.js:1484:13
Allowed screens for Customer: 
Array(5) [ "Home", "Menu", "Favorites", "Cart", "Profile" ]
bundle.js:1485:13
Menu item Profile (Profile) - Access: YES bundle.js:1565:15
Checking access for role: Customer to screen: MenuManager bundle.js:1466:13
Role Customer access to MenuManager: DENIED bundle.js:1484:13
Allowed screens for Customer: 
Array(5) [ "Home", "Menu", "Favorites", "Cart", "Profile" ]
bundle.js:1485:13
Management item MenuManager (MenuManager) - Access: NO bundle.js:1570:15
Checking access for role: Customer to screen: IngredientManager bundle.js:1466:13
Role Customer access to IngredientManager: DENIED bundle.js:1484:13
Allowed screens for Customer: 
Array(5) [ "Home", "Menu", "Favorites", "Cart", "Profile" ]
bundle.js:1485:13
Management item IngredientManager (IngredientManager) - Access: NO bundle.js:1570:15
Checking access for role: Customer to screen: OrderDetailManager bundle.js:1466:13
Role Customer access to OrderDetailManager: DENIED bundle.js:1484:13
Allowed screens for Customer: 
Array(5) [ "Home", "Menu", "Favorites", "Cart", "Profile" ]
bundle.js:1485:13
Management item OrderDetailManager (OrderDetailManager) - Access: NO bundle.js:1570:15
Checking access for role: Customer to screen: UserManagement bundle.js:1466:13
Role Customer access to UserManagement: DENIED bundle.js:1484:13
Allowed screens for Customer: 
Array(5) [ "Home", "Menu", "Favorites", "Cart", "Profile" ]
bundle.js:1485:13
Management item UserManagement (UserManagement) - Access: NO bundle.js:1570:15
Final accessible items - Main: 4, Management: 0 bundle.js:1573:13
CustomSidebarMenu - Current user role: Customer bundle.js:495:11
CustomSidebarMenu - Accessible main menu items: 4 bundle.js:496:11
CustomSidebarMenu - Accessible management menu items: 0 bundle.js:497:11
TouchableWithoutFeedback is deprecated. Please use Pressable. bundle.js:69718:13
Getting accessible menu items for role: Customer bundle.js:1490:13
Checking access for role: Customer to screen: Home bundle.js:1466:13
Role Customer access to Home: GRANTED bundle.js:1484:13
Allowed screens for Customer: 
Array(5) [ "Home", "Menu", "Favorites", "Cart", "Profile" ]
bundle.js:1485:13
Menu item Home (Home) - Access: YES bundle.js:1565:15
Checking access for role: Customer to screen: Menu bundle.js:1466:13
Role Customer access to Menu: GRANTED bundle.js:1484:13
Allowed screens for Customer: 
Array(5) [ "Home", "Menu", "Favorites", "Cart", "Profile" ]
bundle.js:1485:13
Menu item Menu (Menu) - Access: YES bundle.js:1565:15
Checking access for role: Customer to screen: Orders bundle.js:1466:13
Role Customer access to Orders: DENIED bundle.js:1484:13
Allowed screens for Customer: 
Array(5) [ "Home", "Menu", "Favorites", "Cart", "Profile" ]
bundle.js:1485:13
Menu item Orders (Orders) - Access: NO bundle.js:1565:15
Checking access for role: Customer to screen: Favorites bundle.js:1466:13
Role Customer access to Favorites: GRANTED bundle.js:1484:13
Allowed screens for Customer: 
Array(5) [ "Home", "Menu", "Favorites", "Cart", "Profile" ]
bundle.js:1485:13
Menu item Favorites (Favorites) - Access: YES bundle.js:1565:15
Checking access for role: Customer to screen: OrderDetail bundle.js:1466:13
Role Customer access to OrderDetail: DENIED bundle.js:1484:13
Allowed screens for Customer: 
Array(5) [ "Home", "Menu", "Favorites", "Cart", "Profile" ]
bundle.js:1485:13
Menu item OrderDetail (OrderDetail) - Access: NO bundle.js:1565:15
Checking access for role: Customer to screen: Table bundle.js:1466:13
Role Customer access to Table: DENIED bundle.js:1484:13
Allowed screens for Customer: 
Array(5) [ "Home", "Menu", "Favorites", "Cart", "Profile" ]
bundle.js:1485:13
Menu item Table (Table) - Access: NO bundle.js:1565:15
Checking access for role: Customer to screen: Bill bundle.js:1466:13
Role Customer access to Bill: DENIED bundle.js:1484:13
Allowed screens for Customer: 
Array(5) [ "Home", "Menu", "Favorites", "Cart", "Profile" ]
bundle.js:1485:13
Menu item Bill (Bill) - Access: NO bundle.js:1565:15
Checking access for role: Customer to screen: BillManager bundle.js:1466:13
Role Customer access to BillManager: DENIED bundle.js:1484:13
Allowed screens for Customer: 
Array(5) [ "Home", "Menu", "Favorites", "Cart", "Profile" ]
bundle.js:1485:13
Menu item BillManager (BillManager) - Access: NO bundle.js:1565:15
Checking access for role: Customer to screen: Report bundle.js:1466:13
Role Customer access to Report: DENIED bundle.js:1484:13
Allowed screens for Customer: 
Array(5) [ "Home", "Menu", "Favorites", "Cart", "Profile" ]
bundle.js:1485:13
Menu item Report (Report) - Access: NO bundle.js:1565:15
Checking access for role: Customer to screen: Profile bundle.js:1466:13
Role Customer access to Profile: GRANTED bundle.js:1484:13
Allowed screens for Customer: 
Array(5) [ "Home", "Menu", "Favorites", "Cart", "Profile" ]
bundle.js:1485:13
Menu item Profile (Profile) - Access: YES bundle.js:1565:15
Checking access for role: Customer to screen: MenuManager bundle.js:1466:13
Role Customer access to MenuManager: DENIED bundle.js:1484:13
Allowed screens for Customer: 
Array(5) [ "Home", "Menu", "Favorites", "Cart", "Profile" ]
bundle.js:1485:13
Management item MenuManager (MenuManager) - Access: NO bundle.js:1570:15
Checking access for role: Customer to screen: IngredientManager bundle.js:1466:13
Role Customer access to IngredientManager: DENIED bundle.js:1484:13
Allowed screens for Customer: 
Array(5) [ "Home", "Menu", "Favorites", "Cart", "Profile" ]
bundle.js:1485:13
Management item IngredientManager (IngredientManager) - Access: NO bundle.js:1570:15
Checking access for role: Customer to screen: OrderDetailManager bundle.js:1466:13
Role Customer access to OrderDetailManager: DENIED bundle.js:1484:13
Allowed screens for Customer: 
Array(5) [ "Home", "Menu", "Favorites", "Cart", "Profile" ]
bundle.js:1485:13
Management item OrderDetailManager (OrderDetailManager) - Access: NO bundle.js:1570:15
Checking access for role: Customer to screen: UserManagement bundle.js:1466:13
Role Customer access to UserManagement: DENIED bundle.js:1484:13
Allowed screens for Customer: 
Array(5) [ "Home", "Menu", "Favorites", "Cart", "Profile" ]
bundle.js:1485:13
Management item UserManagement (UserManagement) - Access: NO bundle.js:1570:15
Final accessible items - Main: 4, Management: 0 bundle.js:1573:13
CustomSidebarMenu - Current user role: Customer bundle.js:495:11
CustomSidebarMenu - Accessible main menu items: 4 bundle.js:496:11
CustomSidebarMenu - Accessible management menu items: 0 bundle.js:497:11
Checking access for role: Customer to screen: Favorites bundle.js:1466:13
Role Customer access to Favorites: GRANTED bundle.js:1484:13
Allowed screens for Customer: 
Array(5) [ "Home", "Menu", "Favorites", "Cart", "Profile" ]
bundle.js:1485:13
Fetching user favorites... bundle.js:110215:17
Checking access for role: Customer to screen: Favorites bundle.js:1466:13
Role Customer access to Favorites: GRANTED bundle.js:1484:13
Allowed screens for Customer: 
Array(5) [ "Home", "Menu", "Favorites", "Cart", "Profile" ]
bundle.js:1485:13
🚀 Making GET request to: /api/Favorites bundle.js:108453:11
XHRGET
http://46.250.231.129:8080/api/Favorites
[HTTP/1.1 500 Internal Server Error 15401ms]

❌ HTTP Error: 500 Internal Server Error bundle.js:108476:13
Response data: 
Object { message: "Internal server error", error: "A network-related or instance-specific error occurred while establishing a connection to SQL Server. The server was not found or was not accessible. Verify that the instance name is correct and that SQL Server is configured to allow remote connections. (provider: TCP Provider, error: 40 - Could not open a connection to SQL Server)" }
bundle.js:108477:13
Error fetching favorites: 
Object { message: "Request failed with status code 500", name: "AxiosError", code: "ERR_BAD_RESPONSE", config: {…}, request: XMLHttpRequest, response: {…}, status: 500, stack: "", … }
bundle.js:110220:17
Error loading favorites: 
Object { message: "Request failed with status code 500", name: "AxiosError", code: "ERR_BAD_RESPONSE", config: {…}, request: XMLHttpRequest, response: {…}, status: 500, stack: "", … }
bundle.js:91059:17
