Download the React DevTools for a better development experience: https://reactjs.org/link/react-devtools bundle.js:58740:17
"shadow*" style props are deprecated. Use "boxShadow". bundle.js:69362:13
"textShadow*" style props are deprecated. Use "textShadow". bundle.js:69362:13
props.pointerEvents is deprecated. Use style.pointerEvents bundle.js:69362:13
Getting accessible menu items for role: Customer bundle.js:1355:13
Checking access for role: Customer to screen: Home bundle.js:1331:13
Role Customer access to Home: GRANTED bundle.js:1349:13
Allowed screens for Customer: 
Array(3) [ "Home", "Menu", "Profile" ]
bundle.js:1350:13
Menu item Home (Home) - Access: YES bundle.js:1420:15
Checking access for role: Customer to screen: Menu bundle.js:1331:13
Role Customer access to Menu: GRANTED bundle.js:1349:13
Allowed screens for Customer: 
Array(3) [ "Home", "Menu", "Profile" ]
bundle.js:1350:13
Menu item Menu (Menu) - Access: YES bundle.js:1420:15
Checking access for role: Customer to screen: Orders bundle.js:1331:13
Role Customer access to Orders: DENIED bundle.js:1349:13
Allowed screens for Customer: 
Array(3) [ "Home", "Menu", "Profile" ]
bundle.js:1350:13
Menu item Orders (Orders) - Access: NO bundle.js:1420:15
Checking access for role: Customer to screen: OrderDetail bundle.js:1331:13
Role Customer access to OrderDetail: DENIED bundle.js:1349:13
Allowed screens for Customer: 
Array(3) [ "Home", "Menu", "Profile" ]
bundle.js:1350:13
Menu item OrderDetail (OrderDetail) - Access: NO bundle.js:1420:15
Checking access for role: Customer to screen: Table bundle.js:1331:13
Role Customer access to Table: DENIED bundle.js:1349:13
Allowed screens for Customer: 
Array(3) [ "Home", "Menu", "Profile" ]
bundle.js:1350:13
Menu item Table (Table) - Access: NO bundle.js:1420:15
Checking access for role: Customer to screen: BillManager bundle.js:1331:13
Role Customer access to BillManager: DENIED bundle.js:1349:13
Allowed screens for Customer: 
Array(3) [ "Home", "Menu", "Profile" ]
bundle.js:1350:13
Menu item BillManager (BillManager) - Access: NO bundle.js:1420:15
Checking access for role: Customer to screen: Report bundle.js:1331:13
Role Customer access to Report: DENIED bundle.js:1349:13
Allowed screens for Customer: 
Array(3) [ "Home", "Menu", "Profile" ]
bundle.js:1350:13
Menu item Report (Report) - Access: NO bundle.js:1420:15
Checking access for role: Customer to screen: Profile bundle.js:1331:13
Role Customer access to Profile: GRANTED bundle.js:1349:13
Allowed screens for Customer: 
Array(3) [ "Home", "Menu", "Profile" ]
bundle.js:1350:13
Menu item Profile (Profile) - Access: YES bundle.js:1420:15
Checking access for role: Customer to screen: MenuManager bundle.js:1331:13
Role Customer access to MenuManager: DENIED bundle.js:1349:13
Allowed screens for Customer: 
Array(3) [ "Home", "Menu", "Profile" ]
bundle.js:1350:13
Management item MenuManager (MenuManager) - Access: NO bundle.js:1425:15
Checking access for role: Customer to screen: IngredientManager bundle.js:1331:13
Role Customer access to IngredientManager: DENIED bundle.js:1349:13
Allowed screens for Customer: 
Array(3) [ "Home", "Menu", "Profile" ]
bundle.js:1350:13
Management item IngredientManager (IngredientManager) - Access: NO bundle.js:1425:15
Checking access for role: Customer to screen: OrderDetailManager bundle.js:1331:13
Role Customer access to OrderDetailManager: DENIED bundle.js:1349:13
Allowed screens for Customer: 
Array(3) [ "Home", "Menu", "Profile" ]
bundle.js:1350:13
Management item OrderDetailManager (OrderDetailManager) - Access: NO bundle.js:1425:15
Checking access for role: Customer to screen: UserManagement bundle.js:1331:13
Role Customer access to UserManagement: DENIED bundle.js:1349:13
Allowed screens for Customer: 
Array(3) [ "Home", "Menu", "Profile" ]
bundle.js:1350:13
Management item UserManagement (UserManagement) - Access: NO bundle.js:1425:15
Final accessible items - Main: 3, Management: 0 bundle.js:1428:13
CustomSidebarMenu - Current user role: Customer bundle.js:412:11
CustomSidebarMenu - Accessible main menu items: 3 bundle.js:413:11
CustomSidebarMenu - Accessible management menu items: 0 bundle.js:414:11
🔄 Fetching dashboard data... bundle.js:89326:17
❌ Error fetching dashboard data: TypeError: can't access property "getAllOrders", _services_apiService__WEBPACK_IMPORTED_MODULE_15__.apiService.orders is undefined
    _ref2 bundle.js:89327
    Babel 2
    node_modules bundle.js:1717
    node_modules bundle.js:1709
    fetchDashboardData bundle.js:89427
    HomeScreen bundle.js:89521
    commitHookEffectListMount bundle.js:52050
    commitPassiveMountOnFiber bundle.js:53831
    commitPassiveMountEffects_complete bundle.js:53791
    commitPassiveMountEffects_begin bundle.js:53778
    commitPassiveMountEffects bundle.js:53766
    flushPassiveEffectsImpl bundle.js:55939
    flushPassiveEffects bundle.js:55884
    performSyncWorkOnRoot bundle.js:54976
    flushSyncCallbacks bundle.js:40946
    commitRootImpl bundle.js:55859
    commitRoot bundle.js:55582
    finishConcurrentRender bundle.js:54881
    performConcurrentWorkOnRoot bundle.js:54709
    workLoop bundle.js:59118
    flushWork bundle.js:59091
    performWorkUntilDeadline bundle.js:59385
bundle.js:89389:17
Animated: `useNativeDriver` is not supported because the native animated module is missing. Falling back to JS-based animation. To resolve this, add `RCTAnimation` module to this app, or remove `useNativeDriver`. Make sure to run `bundle exec pod install` first. Read more about autolinking: https://github.com/react-native-community/cli/blob/master/docs/autolinking.md bundle.js:70661:15
✅ Auth token set in API headers bundle.js:107933:15
🔑 JWT token restored from storage bundle.js:1164:23
Getting accessible menu items for role: Customer bundle.js:1355:13
Checking access for role: Customer to screen: Home bundle.js:1331:13
Role Customer access to Home: GRANTED bundle.js:1349:13
Allowed screens for Customer: 
Array(3) [ "Home", "Menu", "Profile" ]
bundle.js:1350:13
Menu item Home (Home) - Access: YES bundle.js:1420:15
Checking access for role: Customer to screen: Menu bundle.js:1331:13
Role Customer access to Menu: GRANTED bundle.js:1349:13
Allowed screens for Customer: 
Array(3) [ "Home", "Menu", "Profile" ]
bundle.js:1350:13
Menu item Menu (Menu) - Access: YES bundle.js:1420:15
Checking access for role: Customer to screen: Orders bundle.js:1331:13
Role Customer access to Orders: DENIED bundle.js:1349:13
Allowed screens for Customer: 
Array(3) [ "Home", "Menu", "Profile" ]
bundle.js:1350:13
Menu item Orders (Orders) - Access: NO bundle.js:1420:15
Checking access for role: Customer to screen: OrderDetail bundle.js:1331:13
Role Customer access to OrderDetail: DENIED bundle.js:1349:13
Allowed screens for Customer: 
Array(3) [ "Home", "Menu", "Profile" ]
bundle.js:1350:13
Menu item OrderDetail (OrderDetail) - Access: NO bundle.js:1420:15
Checking access for role: Customer to screen: Table bundle.js:1331:13
Role Customer access to Table: DENIED bundle.js:1349:13
Allowed screens for Customer: 
Array(3) [ "Home", "Menu", "Profile" ]
bundle.js:1350:13
Menu item Table (Table) - Access: NO bundle.js:1420:15
Checking access for role: Customer to screen: BillManager bundle.js:1331:13
Role Customer access to BillManager: DENIED bundle.js:1349:13
Allowed screens for Customer: 
Array(3) [ "Home", "Menu", "Profile" ]
bundle.js:1350:13
Menu item BillManager (BillManager) - Access: NO bundle.js:1420:15
Checking access for role: Customer to screen: Report bundle.js:1331:13
Role Customer access to Report: DENIED bundle.js:1349:13
Allowed screens for Customer: 
Array(3) [ "Home", "Menu", "Profile" ]
bundle.js:1350:13
Menu item Report (Report) - Access: NO bundle.js:1420:15
Checking access for role: Customer to screen: Profile bundle.js:1331:13
Role Customer access to Profile: GRANTED bundle.js:1349:13
Allowed screens for Customer: 
Array(3) [ "Home", "Menu", "Profile" ]
bundle.js:1350:13
Menu item Profile (Profile) - Access: YES bundle.js:1420:15
Checking access for role: Customer to screen: MenuManager bundle.js:1331:13
Role Customer access to MenuManager: DENIED bundle.js:1349:13
Allowed screens for Customer: 
Array(3) [ "Home", "Menu", "Profile" ]
bundle.js:1350:13
Management item MenuManager (MenuManager) - Access: NO bundle.js:1425:15
Checking access for role: Customer to screen: IngredientManager bundle.js:1331:13
Role Customer access to IngredientManager: DENIED bundle.js:1349:13
Allowed screens for Customer: 
Array(3) [ "Home", "Menu", "Profile" ]
bundle.js:1350:13
Management item IngredientManager (IngredientManager) - Access: NO bundle.js:1425:15
Checking access for role: Customer to screen: OrderDetailManager bundle.js:1331:13
Role Customer access to OrderDetailManager: DENIED bundle.js:1349:13
Allowed screens for Customer: 
Array(3) [ "Home", "Menu", "Profile" ]
bundle.js:1350:13
Management item OrderDetailManager (OrderDetailManager) - Access: NO bundle.js:1425:15
Checking access for role: Customer to screen: UserManagement bundle.js:1331:13
Role Customer access to UserManagement: DENIED bundle.js:1349:13
Allowed screens for Customer: 
Array(3) [ "Home", "Menu", "Profile" ]
bundle.js:1350:13
Management item UserManagement (UserManagement) - Access: NO bundle.js:1425:15
Final accessible items - Main: 3, Management: 0 bundle.js:1428:13
CustomSidebarMenu - Current user role: Customer bundle.js:412:11
CustomSidebarMenu - Accessible main menu items: 3 bundle.js:413:11
CustomSidebarMenu - Accessible management menu items: 0 bundle.js:414:11
Getting accessible menu items for role: Customer bundle.js:1355:13
Checking access for role: Customer to screen: Home bundle.js:1331:13
Role Customer access to Home: GRANTED bundle.js:1349:13
Allowed screens for Customer: 
Array(3) [ "Home", "Menu", "Profile" ]
bundle.js:1350:13
Menu item Home (Home) - Access: YES bundle.js:1420:15
Checking access for role: Customer to screen: Menu bundle.js:1331:13
Role Customer access to Menu: GRANTED bundle.js:1349:13
Allowed screens for Customer: 
Array(3) [ "Home", "Menu", "Profile" ]
bundle.js:1350:13
Menu item Menu (Menu) - Access: YES bundle.js:1420:15
Checking access for role: Customer to screen: Orders bundle.js:1331:13
Role Customer access to Orders: DENIED bundle.js:1349:13
Allowed screens for Customer: 
Array(3) [ "Home", "Menu", "Profile" ]
bundle.js:1350:13
Menu item Orders (Orders) - Access: NO bundle.js:1420:15
Checking access for role: Customer to screen: OrderDetail bundle.js:1331:13
Role Customer access to OrderDetail: DENIED bundle.js:1349:13
Allowed screens for Customer: 
Array(3) [ "Home", "Menu", "Profile" ]
bundle.js:1350:13
Menu item OrderDetail (OrderDetail) - Access: NO bundle.js:1420:15
Checking access for role: Customer to screen: Table bundle.js:1331:13
Role Customer access to Table: DENIED bundle.js:1349:13
Allowed screens for Customer: 
Array(3) [ "Home", "Menu", "Profile" ]
bundle.js:1350:13
Menu item Table (Table) - Access: NO bundle.js:1420:15
Checking access for role: Customer to screen: BillManager bundle.js:1331:13
Role Customer access to BillManager: DENIED bundle.js:1349:13
Allowed screens for Customer: 
Array(3) [ "Home", "Menu", "Profile" ]
bundle.js:1350:13
Menu item BillManager (BillManager) - Access: NO bundle.js:1420:15
Checking access for role: Customer to screen: Report bundle.js:1331:13
Role Customer access to Report: DENIED bundle.js:1349:13
Allowed screens for Customer: 
Array(3) [ "Home", "Menu", "Profile" ]
bundle.js:1350:13
Menu item Report (Report) - Access: NO bundle.js:1420:15
Checking access for role: Customer to screen: Profile bundle.js:1331:13
Role Customer access to Profile: GRANTED bundle.js:1349:13
Allowed screens for Customer: 
Array(3) [ "Home", "Menu", "Profile" ]
bundle.js:1350:13
Menu item Profile (Profile) - Access: YES bundle.js:1420:15
Checking access for role: Customer to screen: MenuManager bundle.js:1331:13
Role Customer access to MenuManager: DENIED bundle.js:1349:13
Allowed screens for Customer: 
Array(3) [ "Home", "Menu", "Profile" ]
bundle.js:1350:13
Management item MenuManager (MenuManager) - Access: NO bundle.js:1425:15
Checking access for role: Customer to screen: IngredientManager bundle.js:1331:13
Role Customer access to IngredientManager: DENIED bundle.js:1349:13
Allowed screens for Customer: 
Array(3) [ "Home", "Menu", "Profile" ]
bundle.js:1350:13
Management item IngredientManager (IngredientManager) - Access: NO bundle.js:1425:15
Checking access for role: Customer to screen: OrderDetailManager bundle.js:1331:13
Role Customer access to OrderDetailManager: DENIED bundle.js:1349:13
Allowed screens for Customer: 
Array(3) [ "Home", "Menu", "Profile" ]
bundle.js:1350:13
Management item OrderDetailManager (OrderDetailManager) - Access: NO bundle.js:1425:15
Checking access for role: Customer to screen: UserManagement bundle.js:1331:13
Role Customer access to UserManagement: DENIED bundle.js:1349:13
Allowed screens for Customer: 
Array(3) [ "Home", "Menu", "Profile" ]
bundle.js:1350:13
Management item UserManagement (UserManagement) - Access: NO bundle.js:1425:15
Final accessible items - Main: 3, Management: 0 bundle.js:1428:13
CustomSidebarMenu - Current user role: Customer bundle.js:412:11
CustomSidebarMenu - Accessible main menu items: 3 bundle.js:413:11
CustomSidebarMenu - Accessible management menu items: 0 bundle.js:414:11
TouchableWithoutFeedback is deprecated. Please use Pressable. bundle.js:69362:13
Getting accessible menu items for role: Customer bundle.js:1355:13
Checking access for role: Customer to screen: Home bundle.js:1331:13
Role Customer access to Home: GRANTED bundle.js:1349:13
Allowed screens for Customer: 
Array(3) [ "Home", "Menu", "Profile" ]
bundle.js:1350:13
Menu item Home (Home) - Access: YES bundle.js:1420:15
Checking access for role: Customer to screen: Menu bundle.js:1331:13
Role Customer access to Menu: GRANTED bundle.js:1349:13
Allowed screens for Customer: 
Array(3) [ "Home", "Menu", "Profile" ]
bundle.js:1350:13
Menu item Menu (Menu) - Access: YES bundle.js:1420:15
Checking access for role: Customer to screen: Orders bundle.js:1331:13
Role Customer access to Orders: DENIED bundle.js:1349:13
Allowed screens for Customer: 
Array(3) [ "Home", "Menu", "Profile" ]
bundle.js:1350:13
Menu item Orders (Orders) - Access: NO bundle.js:1420:15
Checking access for role: Customer to screen: OrderDetail bundle.js:1331:13
Role Customer access to OrderDetail: DENIED bundle.js:1349:13
Allowed screens for Customer: 
Array(3) [ "Home", "Menu", "Profile" ]
bundle.js:1350:13
Menu item OrderDetail (OrderDetail) - Access: NO bundle.js:1420:15
Checking access for role: Customer to screen: Table bundle.js:1331:13
Role Customer access to Table: DENIED bundle.js:1349:13
Allowed screens for Customer: 
Array(3) [ "Home", "Menu", "Profile" ]
bundle.js:1350:13
Menu item Table (Table) - Access: NO bundle.js:1420:15
Checking access for role: Customer to screen: BillManager bundle.js:1331:13
Role Customer access to BillManager: DENIED bundle.js:1349:13
Allowed screens for Customer: 
Array(3) [ "Home", "Menu", "Profile" ]
bundle.js:1350:13
Menu item BillManager (BillManager) - Access: NO bundle.js:1420:15
Checking access for role: Customer to screen: Report bundle.js:1331:13
Role Customer access to Report: DENIED bundle.js:1349:13
Allowed screens for Customer: 
Array(3) [ "Home", "Menu", "Profile" ]
bundle.js:1350:13
Menu item Report (Report) - Access: NO bundle.js:1420:15
Checking access for role: Customer to screen: Profile bundle.js:1331:13
Role Customer access to Profile: GRANTED bundle.js:1349:13
Allowed screens for Customer: 
Array(3) [ "Home", "Menu", "Profile" ]
bundle.js:1350:13
Menu item Profile (Profile) - Access: YES bundle.js:1420:15
Checking access for role: Customer to screen: MenuManager bundle.js:1331:13
Role Customer access to MenuManager: DENIED bundle.js:1349:13
Allowed screens for Customer: 
Array(3) [ "Home", "Menu", "Profile" ]
bundle.js:1350:13
Management item MenuManager (MenuManager) - Access: NO bundle.js:1425:15
Checking access for role: Customer to screen: IngredientManager bundle.js:1331:13
Role Customer access to IngredientManager: DENIED bundle.js:1349:13
Allowed screens for Customer: 
Array(3) [ "Home", "Menu", "Profile" ]
bundle.js:1350:13
Management item IngredientManager (IngredientManager) - Access: NO bundle.js:1425:15
Checking access for role: Customer to screen: OrderDetailManager bundle.js:1331:13
Role Customer access to OrderDetailManager: DENIED bundle.js:1349:13
Allowed screens for Customer: 
Array(3) [ "Home", "Menu", "Profile" ]
bundle.js:1350:13
Management item OrderDetailManager (OrderDetailManager) - Access: NO bundle.js:1425:15
Checking access for role: Customer to screen: UserManagement bundle.js:1331:13
Role Customer access to UserManagement: DENIED bundle.js:1349:13
Allowed screens for Customer: 
Array(3) [ "Home", "Menu", "Profile" ]
bundle.js:1350:13
Management item UserManagement (UserManagement) - Access: NO bundle.js:1425:15
Final accessible items - Main: 3, Management: 0 bundle.js:1428:13
CustomSidebarMenu - Current user role: Customer bundle.js:412:11
CustomSidebarMenu - Accessible main menu items: 3 bundle.js:413:11
CustomSidebarMenu - Accessible management menu items: 0 bundle.js:414:11
Unexpected text node:         . A text node cannot be a child of a <View>. 3 bundle.js:65615:17
Getting accessible menu items for role: Customer bundle.js:1355:13
Checking access for role: Customer to screen: Home bundle.js:1331:13
Role Customer access to Home: GRANTED bundle.js:1349:13
Allowed screens for Customer: 
Array(3) [ "Home", "Menu", "Profile" ]
bundle.js:1350:13
Menu item Home (Home) - Access: YES bundle.js:1420:15
Checking access for role: Customer to screen: Menu bundle.js:1331:13
Role Customer access to Menu: GRANTED bundle.js:1349:13
Allowed screens for Customer: 
Array(3) [ "Home", "Menu", "Profile" ]
bundle.js:1350:13
Menu item Menu (Menu) - Access: YES bundle.js:1420:15
Checking access for role: Customer to screen: Orders bundle.js:1331:13
Role Customer access to Orders: DENIED bundle.js:1349:13
Allowed screens for Customer: 
Array(3) [ "Home", "Menu", "Profile" ]
bundle.js:1350:13
Menu item Orders (Orders) - Access: NO bundle.js:1420:15
Checking access for role: Customer to screen: OrderDetail bundle.js:1331:13
Role Customer access to OrderDetail: DENIED bundle.js:1349:13
Allowed screens for Customer: 
Array(3) [ "Home", "Menu", "Profile" ]
bundle.js:1350:13
Menu item OrderDetail (OrderDetail) - Access: NO bundle.js:1420:15
Checking access for role: Customer to screen: Table bundle.js:1331:13
Role Customer access to Table: DENIED bundle.js:1349:13
Allowed screens for Customer: 
Array(3) [ "Home", "Menu", "Profile" ]
bundle.js:1350:13
Menu item Table (Table) - Access: NO bundle.js:1420:15
Checking access for role: Customer to screen: BillManager bundle.js:1331:13
Role Customer access to BillManager: DENIED bundle.js:1349:13
Allowed screens for Customer: 
Array(3) [ "Home", "Menu", "Profile" ]
bundle.js:1350:13
Menu item BillManager (BillManager) - Access: NO bundle.js:1420:15
Checking access for role: Customer to screen: Report bundle.js:1331:13
Role Customer access to Report: DENIED bundle.js:1349:13
Allowed screens for Customer: 
Array(3) [ "Home", "Menu", "Profile" ]
bundle.js:1350:13
Menu item Report (Report) - Access: NO bundle.js:1420:15
Checking access for role: Customer to screen: Profile bundle.js:1331:13
Role Customer access to Profile: GRANTED bundle.js:1349:13
Allowed screens for Customer: 
Array(3) [ "Home", "Menu", "Profile" ]
bundle.js:1350:13
Menu item Profile (Profile) - Access: YES bundle.js:1420:15
Checking access for role: Customer to screen: MenuManager bundle.js:1331:13
Role Customer access to MenuManager: DENIED bundle.js:1349:13
Allowed screens for Customer: 
Array(3) [ "Home", "Menu", "Profile" ]
bundle.js:1350:13
Management item MenuManager (MenuManager) - Access: NO bundle.js:1425:15
Checking access for role: Customer to screen: IngredientManager bundle.js:1331:13
Role Customer access to IngredientManager: DENIED bundle.js:1349:13
Allowed screens for Customer: 
Array(3) [ "Home", "Menu", "Profile" ]
bundle.js:1350:13
Management item IngredientManager (IngredientManager) - Access: NO bundle.js:1425:15
Checking access for role: Customer to screen: OrderDetailManager bundle.js:1331:13
Role Customer access to OrderDetailManager: DENIED bundle.js:1349:13
Allowed screens for Customer: 
Array(3) [ "Home", "Menu", "Profile" ]
bundle.js:1350:13
Management item OrderDetailManager (OrderDetailManager) - Access: NO bundle.js:1425:15
Checking access for role: Customer to screen: UserManagement bundle.js:1331:13
Role Customer access to UserManagement: DENIED bundle.js:1349:13
Allowed screens for Customer: 
Array(3) [ "Home", "Menu", "Profile" ]
bundle.js:1350:13
Management item UserManagement (UserManagement) - Access: NO bundle.js:1425:15
Final accessible items - Main: 3, Management: 0 bundle.js:1428:13
CustomSidebarMenu - Current user role: Customer bundle.js:412:11
CustomSidebarMenu - Accessible main menu items: 3 bundle.js:413:11
CustomSidebarMenu - Accessible management menu items: 0 bundle.js:414:11
Getting accessible menu items for role: Customer bundle.js:1355:13
Checking access for role: Customer to screen: Home bundle.js:1331:13
Role Customer access to Home: GRANTED bundle.js:1349:13
Allowed screens for Customer: 
Array(3) [ "Home", "Menu", "Profile" ]
bundle.js:1350:13
Menu item Home (Home) - Access: YES bundle.js:1420:15
Checking access for role: Customer to screen: Menu bundle.js:1331:13
Role Customer access to Menu: GRANTED bundle.js:1349:13
Allowed screens for Customer: 
Array(3) [ "Home", "Menu", "Profile" ]
bundle.js:1350:13
Menu item Menu (Menu) - Access: YES bundle.js:1420:15
Checking access for role: Customer to screen: Orders bundle.js:1331:13
Role Customer access to Orders: DENIED bundle.js:1349:13
Allowed screens for Customer: 
Array(3) [ "Home", "Menu", "Profile" ]
bundle.js:1350:13
Menu item Orders (Orders) - Access: NO bundle.js:1420:15
Checking access for role: Customer to screen: OrderDetail bundle.js:1331:13
Role Customer access to OrderDetail: DENIED bundle.js:1349:13
Allowed screens for Customer: 
Array(3) [ "Home", "Menu", "Profile" ]
bundle.js:1350:13
Menu item OrderDetail (OrderDetail) - Access: NO bundle.js:1420:15
Checking access for role: Customer to screen: Table bundle.js:1331:13
Role Customer access to Table: DENIED bundle.js:1349:13
Allowed screens for Customer: 
Array(3) [ "Home", "Menu", "Profile" ]
bundle.js:1350:13
Menu item Table (Table) - Access: NO bundle.js:1420:15
Checking access for role: Customer to screen: BillManager bundle.js:1331:13
Role Customer access to BillManager: DENIED bundle.js:1349:13
Allowed screens for Customer: 
Array(3) [ "Home", "Menu", "Profile" ]
bundle.js:1350:13
Menu item BillManager (BillManager) - Access: NO bundle.js:1420:15
Checking access for role: Customer to screen: Report bundle.js:1331:13
Role Customer access to Report: DENIED bundle.js:1349:13
Allowed screens for Customer: 
Array(3) [ "Home", "Menu", "Profile" ]
bundle.js:1350:13
Menu item Report (Report) - Access: NO bundle.js:1420:15
Checking access for role: Customer to screen: Profile bundle.js:1331:13
Role Customer access to Profile: GRANTED bundle.js:1349:13
Allowed screens for Customer: 
Array(3) [ "Home", "Menu", "Profile" ]
bundle.js:1350:13
Menu item Profile (Profile) - Access: YES bundle.js:1420:15
Checking access for role: Customer to screen: MenuManager bundle.js:1331:13
Role Customer access to MenuManager: DENIED bundle.js:1349:13
Allowed screens for Customer: 
Array(3) [ "Home", "Menu", "Profile" ]
bundle.js:1350:13
Management item MenuManager (MenuManager) - Access: NO bundle.js:1425:15
Checking access for role: Customer to screen: IngredientManager bundle.js:1331:13
Role Customer access to IngredientManager: DENIED bundle.js:1349:13
Allowed screens for Customer: 
Array(3) [ "Home", "Menu", "Profile" ]
bundle.js:1350:13
Management item IngredientManager (IngredientManager) - Access: NO bundle.js:1425:15
Checking access for role: Customer to screen: OrderDetailManager bundle.js:1331:13
Role Customer access to OrderDetailManager: DENIED bundle.js:1349:13
Allowed screens for Customer: 
Array(3) [ "Home", "Menu", "Profile" ]
bundle.js:1350:13
Management item OrderDetailManager (OrderDetailManager) - Access: NO bundle.js:1425:15
Checking access for role: Customer to screen: UserManagement bundle.js:1331:13
Role Customer access to UserManagement: DENIED bundle.js:1349:13
Allowed screens for Customer: 
Array(3) [ "Home", "Menu", "Profile" ]
bundle.js:1350:13
Management item UserManagement (UserManagement) - Access: NO bundle.js:1425:15
Final accessible items - Main: 3, Management: 0 bundle.js:1428:13
CustomSidebarMenu - Current user role: Customer bundle.js:412:11
CustomSidebarMenu - Accessible main menu items: 3 bundle.js:413:11
CustomSidebarMenu - Accessible management menu items: 0 bundle.js:414:11
Checking access for role: Customer to screen: Menu bundle.js:1331:13
Role Customer access to Menu: GRANTED bundle.js:1349:13
Allowed screens for Customer: 
Array(3) [ "Home", "Menu", "Profile" ]
bundle.js:1350:13
MenuScreen - Current user role: Customer Is Customer: true bundle.js:94025:11
=== STARTING CONNECTION TESTS === bundle.js:94143:17
Testing with axios... bundle.js:94144:17
Testing API connection to: http://localhost:8080 bundle.js:106230:17
Full URL being tested: http://localhost:8080api/Category bundle.js:106231:17
Fetching user favorites for userId: 3292731962 bundle.js:94313:15
Fetching user favorites... bundle.js:107734:17
Checking access for role: Customer to screen: Menu bundle.js:1331:13
Role Customer access to Menu: GRANTED bundle.js:1349:13
Allowed screens for Customer: 
Array(3) [ "Home", "Menu", "Profile" ]
bundle.js:1350:13
🚀 Making GET request to: /api/Category bundle.js:105972:11
🚀 Making GET request to: /api/Favorites bundle.js:105972:11
Unexpected text node:         . A text node cannot be a child of a <View>. bundle.js:65615:17
Cross-Origin Request Blocked: The Same Origin Policy disallows reading the remote resource at http://localhost:8080/api/Favorites. (Reason: CORS request did not succeed). Status code: (null).
Cross-Origin Request Blocked: The Same Origin Policy disallows reading the remote resource at http://localhost:8080/api/Category. (Reason: CORS request did not succeed). Status code: (null).
Cross-Origin Request Blocked: The Same Origin Policy disallows reading the remote resource at http://localhost:8080/api/Favorites. (Reason: CORS request did not succeed). Status code: (null).
🌐 Network/CORS Error - This might be a CORS issue bundle.js:105984:13
Error details: 
Object { message: "Network Error", code: "ERR_NETWORK", config: {…} }
bundle.js:105985:13
Error fetching favorites: 
Object { message: "Network Error", name: "AxiosError", code: "ERR_NETWORK", config: {…}, request: XMLHttpRequest, event: error, stack: "", … }
bundle.js:107739:17
Error fetching user favorites: 
Object { message: "Network Error", name: "AxiosError", code: "ERR_NETWORK", config: {…}, request: XMLHttpRequest, event: error, stack: "", … }
bundle.js:94324:15
Cross-Origin Request Blocked: The Same Origin Policy disallows reading the remote resource at http://localhost:8080/api/Category. (Reason: CORS request did not succeed). Status code: (null).
🌐 Network/CORS Error - This might be a CORS issue bundle.js:105984:13
Error details: 
Object { message: "Network Error", code: "ERR_NETWORK", config: {…} }
bundle.js:105985:13
Connection test failed - Full error: 
Object { message: "Network Error", name: "AxiosError", code: "ERR_NETWORK", config: {…}, request: XMLHttpRequest, event: error, stack: "", … }
bundle.js:106239:17
    _testConnection apiService.js:414
    Babel 2
Error message: Network Error bundle.js:106240:17
    _testConnection apiService.js:415
    Babel 2
Error code: ERR_NETWORK bundle.js:106241:17
    _testConnection apiService.js:416
    Babel 2
Error status: undefined bundle.js:106242:17
    _testConnection apiService.js:417
    Babel 2
Error response: undefined bundle.js:106243:17
    _testConnection apiService.js:418
    Babel 2
This is a network connectivity issue bundle.js:106245:19
    _testConnection apiService.js:422
    Babel 2
Axios test result: false bundle.js:94146:17
Testing with fetch... bundle.js:94147:17
Testing with native fetch API... bundle.js:106176:17
Fetch URL: http://localhost:8080api/Category bundle.js:106178:17
Fetch test failed: TypeError: Window.fetch: http://localhost:8080api/Category is not a valid URL.
    _testWithFetch apiService.js:364
    Babel 2
    node_modules bundle.js:1717
    node_modules bundle.js:1709
    testWithFetch apiService.js:358
    _ref2 MenuScreen.js:133
    Babel 2
bundle.js:106209:17
    _testWithFetch apiService.js:390
    Babel 2
Fetch test result: 
Object { success: false, error: "CORS or Network Error: Unable to connect to server" }
bundle.js:94149:17
Error in fetchCategories: Error: Cannot connect to server with either method
    _ref2 MenuScreen.js:168
    Babel 2
bundle.js:94208:17
    _ref2 MenuScreen.js:208
    Babel 2
MenuScreen - Current user role: Customer Is Customer: true bundle.js:94025:11
